STRING	OBJECT	this is a test
STRING	OBJECT	testing |	||
|"|'|\| escape sequences
